// Jest Snapshot v1, https://goo.gl/fbAQLP

exports[`CartCount matches the snapshot 1`] = `
<span
  id="cartCount"
>
  2
</span>
`;

exports[`CartCount updates via props 1`] = `
<span
  id="cartCount"
>
  2
</span>
`;

exports[`CartCount updates via props 2`] = `
<span
  id="cartCount"
>
  10
</span>
`;
